00  281000          LDI R1, 0
01  400120          STA R1, 0x20
02  281001          LDI R1, 1
03  400121          STA R1, 0x21
04  281004          LDI R1, 4
05  400122          STA R1, 0x22
06  281009          LDI R1, 9
07  400123          STA R1, 0x23
08  281010          LDI R1, 16
09  400124          STA R1, 0x24
0A  281019          LDI R1, 25
0B  400125          STA R1, 0x25
0C  281024          LDI R1, 36
0D  400126          STA R1, 0x26
0E  281031          LDI R1, 49
0F  400127          STA R1, 0x27
10  282020          LDI R2, 0x20     ; 基址
11  283003          LDI R3, 3        ; 索引
12  104230          ADD R4, R2, R3   ; 地址 = 0x20 + 3 = 0x23
13  505400          LD  R5, [R4]     ; R5 = RAM[0x23] = 9
14  A00500          OUT R5           ; 9
15  B00000          HLT
